Archive member included because of file (symbol)

d:/courses/embedded/atmel studio/setupatmel/extensions/atmel/avrgcc/3.4.1.95/avrtoolchain/bin/../lib/gcc/avr/4.6.2/avr5\libgcc.a(_divmodhi4.o)
                              MasterCode.o (__divmodhi4)
d:/courses/embedded/atmel studio/setupatmel/extensions/atmel/avrgcc/3.4.1.95/avrtoolchain/bin/../lib/gcc/avr/4.6.2/avr5\libgcc.a(_exit.o)
                              d:/courses/embedded/atmel studio/setupatmel/extensions/atmel/avrgcc/3.4.1.95/avrtoolchain/bin/../lib/gcc/avr/4.6.2/../../../../avr/lib/avr5/crtm32.o (exit)
d:/courses/embedded/atmel studio/setupatmel/extensions/atmel/avrgcc/3.4.1.95/avrtoolchain/bin/../lib/gcc/avr/4.6.2/avr5\libgcc.a(_copy_data.o)
                              DIO.o (__do_copy_data)
d:/courses/embedded/atmel studio/setupatmel/extensions/atmel/avrgcc/3.4.1.95/avrtoolchain/bin/../lib/gcc/avr/4.6.2/avr5\libgcc.a(_clear_bss.o)
                              DIO.o (__do_clear_bss)
d:/courses/embedded/atmel studio/setupatmel/extensions/atmel/avrgcc/3.4.1.95/avrtoolchain/bin/../lib/gcc/avr/4.6.2/avr5\libgcc.a(_udivmodhi4.o)
                              d:/courses/embedded/atmel studio/setupatmel/extensions/atmel/avrgcc/3.4.1.95/avrtoolchain/bin/../lib/gcc/avr/4.6.2/avr5\libgcc.a(_divmodhi4.o) (__udivmodhi4)

Memory Configuration

Name             Origin             Length             Attributes
text             0x00000000         0x00020000         xr
data             0x00800060         0x0000ffa0         rw !x
eeprom           0x00810000         0x00010000         rw !x
fuse             0x00820000         0x00000400         rw !x
lock             0x00830000         0x00000400         rw !x
signature        0x00840000         0x00000400         rw !x
*default*        0x00000000         0xffffffff

Linker script and memory map

LOAD d:/courses/embedded/atmel studio/setupatmel/extensions/atmel/avrgcc/3.4.1.95/avrtoolchain/bin/../lib/gcc/avr/4.6.2/../../../../avr/lib/avr5/crtm32.o
LOAD DIO.o
LOAD EEPROM.o
LOAD keypad.o
LOAD LCD.o
LOAD LED.o
LOAD MasterCode.o
LOAD SPI_driver.o
START GROUP
LOAD d:/courses/embedded/atmel studio/setupatmel/extensions/atmel/avrgcc/3.4.1.95/avrtoolchain/bin/../lib/gcc/avr/4.6.2/../../../../avr/lib/avr5\libm.a
END GROUP
LOAD d:/courses/embedded/atmel studio/setupatmel/extensions/atmel/avrgcc/3.4.1.95/avrtoolchain/bin/../lib/gcc/avr/4.6.2/avr5\libgcc.a
LOAD d:/courses/embedded/atmel studio/setupatmel/extensions/atmel/avrgcc/3.4.1.95/avrtoolchain/bin/../lib/gcc/avr/4.6.2/../../../../avr/lib/avr5\libc.a
LOAD d:/courses/embedded/atmel studio/setupatmel/extensions/atmel/avrgcc/3.4.1.95/avrtoolchain/bin/../lib/gcc/avr/4.6.2/avr5\libgcc.a

.hash
 *(.hash)

.dynsym
 *(.dynsym)

.dynstr
 *(.dynstr)

.gnu.version
 *(.gnu.version)

.gnu.version_d
 *(.gnu.version_d)

.gnu.version_r
 *(.gnu.version_r)

.rel.init
 *(.rel.init)

.rela.init
 *(.rela.init)

.rel.text
 *(.rel.text)
 *(.rel.text.*)
 *(.rel.gnu.linkonce.t*)

.rela.text
 *(.rela.text)
 *(.rela.text.*)
 *(.rela.gnu.linkonce.t*)

.rel.fini
 *(.rel.fini)

.rela.fini
 *(.rela.fini)

.rel.rodata
 *(.rel.rodata)
 *(.rel.rodata.*)
 *(.rel.gnu.linkonce.r*)

.rela.rodata
 *(.rela.rodata)
 *(.rela.rodata.*)
 *(.rela.gnu.linkonce.r*)

.rel.data
 *(.rel.data)
 *(.rel.data.*)
 *(.rel.gnu.linkonce.d*)

.rela.data
 *(.rela.data)
 *(.rela.data.*)
 *(.rela.gnu.linkonce.d*)

.rel.ctors
 *(.rel.ctors)

.rela.ctors
 *(.rela.ctors)

.rel.dtors
 *(.rel.dtors)

.rela.dtors
 *(.rela.dtors)

.rel.got
 *(.rel.got)

.rela.got
 *(.rela.got)

.rel.bss
 *(.rel.bss)

.rela.bss
 *(.rela.bss)

.rel.plt
 *(.rel.plt)

.rela.plt
 *(.rela.plt)

.text           0x00000000     0x180e
 *(.vectors)
 .vectors       0x00000000       0x54 d:/courses/embedded/atmel studio/setupatmel/extensions/atmel/avrgcc/3.4.1.95/avrtoolchain/bin/../lib/gcc/avr/4.6.2/../../../../avr/lib/avr5/crtm32.o
                0x00000000                __vector_default
                0x00000000                __vectors
 *(.vectors)
 *(.progmem.gcc*)
 *(.progmem*)
                0x00000054                . = ALIGN (0x2)
                0x00000054                __trampolines_start = .
 *(.trampolines)
 .trampolines   0x00000054        0x0 linker stubs
 *(.trampolines*)
                0x00000054                __trampolines_end = .
 *(.jumptables)
 *(.jumptables*)
 *(.lowtext)
 *(.lowtext*)
                0x00000054                __ctors_start = .
 *(.ctors)
                0x00000054                __ctors_end = .
                0x00000054                __dtors_start = .
 *(.dtors)
                0x00000054                __dtors_end = .
 SORT(*)(.ctors)
 SORT(*)(.dtors)
 *(.init0)
 .init0         0x00000054        0x0 d:/courses/embedded/atmel studio/setupatmel/extensions/atmel/avrgcc/3.4.1.95/avrtoolchain/bin/../lib/gcc/avr/4.6.2/../../../../avr/lib/avr5/crtm32.o
                0x00000054                __init
 *(.init0)
 *(.init1)
 *(.init1)
 *(.init2)
 .init2         0x00000054        0xc d:/courses/embedded/atmel studio/setupatmel/extensions/atmel/avrgcc/3.4.1.95/avrtoolchain/bin/../lib/gcc/avr/4.6.2/../../../../avr/lib/avr5/crtm32.o
 *(.init2)
 *(.init3)
 *(.init3)
 *(.init4)
 .init4         0x00000060       0x16 d:/courses/embedded/atmel studio/setupatmel/extensions/atmel/avrgcc/3.4.1.95/avrtoolchain/bin/../lib/gcc/avr/4.6.2/avr5\libgcc.a(_copy_data.o)
                0x00000060                __do_copy_data
 .init4         0x00000076       0x10 d:/courses/embedded/atmel studio/setupatmel/extensions/atmel/avrgcc/3.4.1.95/avrtoolchain/bin/../lib/gcc/avr/4.6.2/avr5\libgcc.a(_clear_bss.o)
                0x00000076                __do_clear_bss
 *(.init4)
 *(.init5)
 *(.init5)
 *(.init6)
 *(.init6)
 *(.init7)
 *(.init7)
 *(.init8)
 *(.init8)
 *(.init9)
 .init9         0x00000086        0x8 d:/courses/embedded/atmel studio/setupatmel/extensions/atmel/avrgcc/3.4.1.95/avrtoolchain/bin/../lib/gcc/avr/4.6.2/../../../../avr/lib/avr5/crtm32.o
 *(.init9)
 *(.text)
 .text          0x0000008e        0x4 d:/courses/embedded/atmel studio/setupatmel/extensions/atmel/avrgcc/3.4.1.95/avrtoolchain/bin/../lib/gcc/avr/4.6.2/../../../../avr/lib/avr5/crtm32.o
                0x0000008e                __vector_1
                0x0000008e                __vector_12
                0x0000008e                __bad_interrupt
                0x0000008e                __vector_6
                0x0000008e                __vector_3
                0x0000008e                __vector_11
                0x0000008e                __vector_13
                0x0000008e                __vector_17
                0x0000008e                __vector_19
                0x0000008e                __vector_7
                0x0000008e                __vector_5
                0x0000008e                __vector_4
                0x0000008e                __vector_9
                0x0000008e                __vector_2
                0x0000008e                __vector_15
                0x0000008e                __vector_8
                0x0000008e                __vector_14
                0x0000008e                __vector_10
                0x0000008e                __vector_16
                0x0000008e                __vector_18
                0x0000008e                __vector_20
 .text          0x00000092      0x558 DIO.o
                0x00000092                DIO_vsetPinDir
                0x00000198                DIO_vsetPortDir
                0x000001c0                DIO_vwritePin
                0x000002c6                DIO_vwritePort
                0x000002ee                DIO_u8readPin
                0x0000039e                DIO_u8readPort
                0x000003ca                DIO_vtogglePin
                0x0000044a                DIO_vconnectPullup
                0x00000550                DIO_vwrite_low_nibble
                0x0000059c                DIO_vwrite_high_nibble
 .text          0x000005ea       0x1a EEPROM.o
                0x000005ea                EEPROM_vwrite
                0x000005fa                EEPROM_u8read
 .text          0x00000604      0x14a keypad.o
                0x00000604                keypad_vInit
                0x0000067e                keypad_u8check_press
 .text          0x0000074e      0x132 LCD.o
                0x0000077c                LCD_vsend_cmd
                0x00000794                LCD_vInit
                0x00000814                LCD_vsend_char
                0x0000082c                LCD_vsend_string
                0x0000084a                LCD_vclearscreen
                0x0000085e                LCD_vmovecursor
 .text          0x00000880       0x1e LED.o
                0x00000880                LED_vInit
                0x00000888                LED_vTurnOn
                0x00000890                LED_vTurnOff
                0x00000898                LED_vToggle
 .text          0x0000089e      0xe8c MasterCode.o
                0x0000089e                main
 .text          0x0000172a       0x92 SPI_driver.o
                0x0000172a                SPI_MasterInit
                0x0000175a                SPI_SlaveInit
                0x00001768                SPI_Transmitchar
                0x00001782                SPI_Receivechar
                0x0000178c                SPI_Transmitstring
 .text          0x000017bc        0x0 d:/courses/embedded/atmel studio/setupatmel/extensions/atmel/avrgcc/3.4.1.95/avrtoolchain/bin/../lib/gcc/avr/4.6.2/avr5\libgcc.a(_divmodhi4.o)
 .text          0x000017bc        0x0 d:/courses/embedded/atmel studio/setupatmel/extensions/atmel/avrgcc/3.4.1.95/avrtoolchain/bin/../lib/gcc/avr/4.6.2/avr5\libgcc.a(_exit.o)
 .text          0x000017bc        0x0 d:/courses/embedded/atmel studio/setupatmel/extensions/atmel/avrgcc/3.4.1.95/avrtoolchain/bin/../lib/gcc/avr/4.6.2/avr5\libgcc.a(_copy_data.o)
 .text          0x000017bc        0x0 d:/courses/embedded/atmel studio/setupatmel/extensions/atmel/avrgcc/3.4.1.95/avrtoolchain/bin/../lib/gcc/avr/4.6.2/avr5\libgcc.a(_clear_bss.o)
 .text          0x000017bc        0x0 d:/courses/embedded/atmel studio/setupatmel/extensions/atmel/avrgcc/3.4.1.95/avrtoolchain/bin/../lib/gcc/avr/4.6.2/avr5\libgcc.a(_udivmodhi4.o)
                0x000017bc                . = ALIGN (0x2)
 *(.text.*)
 .text.libgcc   0x000017bc       0x26 d:/courses/embedded/atmel studio/setupatmel/extensions/atmel/avrgcc/3.4.1.95/avrtoolchain/bin/../lib/gcc/avr/4.6.2/avr5\libgcc.a(_divmodhi4.o)
                0x000017bc                _div
                0x000017bc                __divmodhi4
 .text.libgcc   0x000017e2        0x0 d:/courses/embedded/atmel studio/setupatmel/extensions/atmel/avrgcc/3.4.1.95/avrtoolchain/bin/../lib/gcc/avr/4.6.2/avr5\libgcc.a(_exit.o)
 .text.libgcc   0x000017e2        0x0 d:/courses/embedded/atmel studio/setupatmel/extensions/atmel/avrgcc/3.4.1.95/avrtoolchain/bin/../lib/gcc/avr/4.6.2/avr5\libgcc.a(_copy_data.o)
 .text.libgcc   0x000017e2        0x0 d:/courses/embedded/atmel studio/setupatmel/extensions/atmel/avrgcc/3.4.1.95/avrtoolchain/bin/../lib/gcc/avr/4.6.2/avr5\libgcc.a(_clear_bss.o)
 .text.libgcc   0x000017e2       0x28 d:/courses/embedded/atmel studio/setupatmel/extensions/atmel/avrgcc/3.4.1.95/avrtoolchain/bin/../lib/gcc/avr/4.6.2/avr5\libgcc.a(_udivmodhi4.o)
                0x000017e2                __udivmodhi4
                0x0000180a                . = ALIGN (0x2)
 *(.fini9)
 .fini9         0x0000180a        0x0 d:/courses/embedded/atmel studio/setupatmel/extensions/atmel/avrgcc/3.4.1.95/avrtoolchain/bin/../lib/gcc/avr/4.6.2/avr5\libgcc.a(_exit.o)
                0x0000180a                _exit
                0x0000180a                exit
 *(.fini9)
 *(.fini8)
 *(.fini8)
 *(.fini7)
 *(.fini7)
 *(.fini6)
 *(.fini6)
 *(.fini5)
 *(.fini5)
 *(.fini4)
 *(.fini4)
 *(.fini3)
 *(.fini3)
 *(.fini2)
 *(.fini2)
 *(.fini1)
 *(.fini1)
 *(.fini0)
 .fini0         0x0000180a        0x4 d:/courses/embedded/atmel studio/setupatmel/extensions/atmel/avrgcc/3.4.1.95/avrtoolchain/bin/../lib/gcc/avr/4.6.2/avr5\libgcc.a(_exit.o)
 *(.fini0)
                0x0000180e                _etext = .

.data           0x00800060      0x220 load address 0x0000180e
                0x00800060                PROVIDE (__data_start, .)
 *(.data)
 .data          0x00800060        0x0 d:/courses/embedded/atmel studio/setupatmel/extensions/atmel/avrgcc/3.4.1.95/avrtoolchain/bin/../lib/gcc/avr/4.6.2/../../../../avr/lib/avr5/crtm32.o
 .data          0x00800060        0x0 DIO.o
 .data          0x00800060        0x0 EEPROM.o
 .data          0x00800060       0x10 keypad.o
 .data          0x00800070        0x0 LCD.o
 .data          0x00800070        0x0 LED.o
 .data          0x00800070      0x20f MasterCode.o
                0x0080027b                arr
 .data          0x0080027f        0x0 SPI_driver.o
 .data          0x0080027f        0x0 d:/courses/embedded/atmel studio/setupatmel/extensions/atmel/avrgcc/3.4.1.95/avrtoolchain/bin/../lib/gcc/avr/4.6.2/avr5\libgcc.a(_divmodhi4.o)
 .data          0x0080027f        0x0 d:/courses/embedded/atmel studio/setupatmel/extensions/atmel/avrgcc/3.4.1.95/avrtoolchain/bin/../lib/gcc/avr/4.6.2/avr5\libgcc.a(_exit.o)
 .data          0x0080027f        0x0 d:/courses/embedded/atmel studio/setupatmel/extensions/atmel/avrgcc/3.4.1.95/avrtoolchain/bin/../lib/gcc/avr/4.6.2/avr5\libgcc.a(_copy_data.o)
 .data          0x0080027f        0x0 d:/courses/embedded/atmel studio/setupatmel/extensions/atmel/avrgcc/3.4.1.95/avrtoolchain/bin/../lib/gcc/avr/4.6.2/avr5\libgcc.a(_clear_bss.o)
 .data          0x0080027f        0x0 d:/courses/embedded/atmel studio/setupatmel/extensions/atmel/avrgcc/3.4.1.95/avrtoolchain/bin/../lib/gcc/avr/4.6.2/avr5\libgcc.a(_udivmodhi4.o)
 *(.data*)
 *(.rodata)
 *(.rodata*)
 *(.gnu.linkonce.d*)
                0x00800280                . = ALIGN (0x2)
 *fill*         0x0080027f        0x1 00
                0x00800280                _edata = .
                0x00800280                PROVIDE (__data_end, .)

.bss            0x00800280        0x0
                0x00800280                PROVIDE (__bss_start, .)
 *(.bss)
 .bss           0x00800280        0x0 d:/courses/embedded/atmel studio/setupatmel/extensions/atmel/avrgcc/3.4.1.95/avrtoolchain/bin/../lib/gcc/avr/4.6.2/../../../../avr/lib/avr5/crtm32.o
 .bss           0x00800280        0x0 DIO.o
 .bss           0x00800280        0x0 EEPROM.o
 .bss           0x00800280        0x0 keypad.o
 .bss           0x00800280        0x0 LCD.o
 .bss           0x00800280        0x0 LED.o
 .bss           0x00800280        0x0 MasterCode.o
 .bss           0x00800280        0x0 SPI_driver.o
 .bss           0x00800280        0x0 d:/courses/embedded/atmel studio/setupatmel/extensions/atmel/avrgcc/3.4.1.95/avrtoolchain/bin/../lib/gcc/avr/4.6.2/avr5\libgcc.a(_divmodhi4.o)
 .bss           0x00800280        0x0 d:/courses/embedded/atmel studio/setupatmel/extensions/atmel/avrgcc/3.4.1.95/avrtoolchain/bin/../lib/gcc/avr/4.6.2/avr5\libgcc.a(_exit.o)
 .bss           0x00800280        0x0 d:/courses/embedded/atmel studio/setupatmel/extensions/atmel/avrgcc/3.4.1.95/avrtoolchain/bin/../lib/gcc/avr/4.6.2/avr5\libgcc.a(_copy_data.o)
 .bss           0x00800280        0x0 d:/courses/embedded/atmel studio/setupatmel/extensions/atmel/avrgcc/3.4.1.95/avrtoolchain/bin/../lib/gcc/avr/4.6.2/avr5\libgcc.a(_clear_bss.o)
 .bss           0x00800280        0x0 d:/courses/embedded/atmel studio/setupatmel/extensions/atmel/avrgcc/3.4.1.95/avrtoolchain/bin/../lib/gcc/avr/4.6.2/avr5\libgcc.a(_udivmodhi4.o)
 *(.bss*)
 *(COMMON)
                0x00800280                PROVIDE (__bss_end, .)
                0x0000180e                __data_load_start = LOADADDR (.data)
                0x00001a2e                __data_load_end = (__data_load_start + SIZEOF (.data))

.noinit         0x00800280        0x0
                0x00800280                PROVIDE (__noinit_start, .)
 *(.noinit*)
                0x00800280                PROVIDE (__noinit_end, .)
                0x00800280                _end = .
                0x00800280                PROVIDE (__heap_start, .)

.eeprom         0x00810000        0x0
 *(.eeprom*)
                0x00810000                __eeprom_end = .

.fuse
 *(.fuse)
 *(.lfuse)
 *(.hfuse)
 *(.efuse)

.lock
 *(.lock*)

.signature
 *(.signature*)

.stab           0x00000000      0x6cc
 *(.stab)
 .stab          0x00000000      0x6cc d:/courses/embedded/atmel studio/setupatmel/extensions/atmel/avrgcc/3.4.1.95/avrtoolchain/bin/../lib/gcc/avr/4.6.2/../../../../avr/lib/avr5/crtm32.o

.stabstr        0x00000000       0x85
 *(.stabstr)
 .stabstr       0x00000000       0x85 d:/courses/embedded/atmel studio/setupatmel/extensions/atmel/avrgcc/3.4.1.95/avrtoolchain/bin/../lib/gcc/avr/4.6.2/../../../../avr/lib/avr5/crtm32.o

.stab.excl
 *(.stab.excl)

.stab.exclstr
 *(.stab.exclstr)

.stab.index
 *(.stab.index)

.stab.indexstr
 *(.stab.indexstr)

.comment
 *(.comment)

.debug
 *(.debug)

.line
 *(.line)

.debug_srcinfo
 *(.debug_srcinfo)

.debug_sfnames
 *(.debug_sfnames)

.debug_aranges  0x00000000      0x180
 *(.debug_aranges)
 .debug_aranges
                0x00000000       0x20 DIO.o
 .debug_aranges
                0x00000020       0x20 EEPROM.o
 .debug_aranges
                0x00000040       0x20 keypad.o
 .debug_aranges
                0x00000060       0x20 LCD.o
 .debug_aranges
                0x00000080       0x20 LED.o
 .debug_aranges
                0x000000a0       0x20 MasterCode.o
 .debug_aranges
                0x000000c0       0x20 SPI_driver.o
 .debug_aranges
                0x000000e0       0x20 d:/courses/embedded/atmel studio/setupatmel/extensions/atmel/avrgcc/3.4.1.95/avrtoolchain/bin/../lib/gcc/avr/4.6.2/avr5\libgcc.a(_divmodhi4.o)
 .debug_aranges
                0x00000100       0x20 d:/courses/embedded/atmel studio/setupatmel/extensions/atmel/avrgcc/3.4.1.95/avrtoolchain/bin/../lib/gcc/avr/4.6.2/avr5\libgcc.a(_exit.o)
 .debug_aranges
                0x00000120       0x20 d:/courses/embedded/atmel studio/setupatmel/extensions/atmel/avrgcc/3.4.1.95/avrtoolchain/bin/../lib/gcc/avr/4.6.2/avr5\libgcc.a(_copy_data.o)
 .debug_aranges
                0x00000140       0x20 d:/courses/embedded/atmel studio/setupatmel/extensions/atmel/avrgcc/3.4.1.95/avrtoolchain/bin/../lib/gcc/avr/4.6.2/avr5\libgcc.a(_clear_bss.o)
 .debug_aranges
                0x00000160       0x20 d:/courses/embedded/atmel studio/setupatmel/extensions/atmel/avrgcc/3.4.1.95/avrtoolchain/bin/../lib/gcc/avr/4.6.2/avr5\libgcc.a(_udivmodhi4.o)

.debug_pubnames
 *(.debug_pubnames)

.debug_info     0x00000000     0x1ed9
 *(.debug_info)
 .debug_info    0x00000000      0x2e3 DIO.o
 .debug_info    0x000002e3       0xd2 EEPROM.o
 .debug_info    0x000003b5      0x191 keypad.o
 .debug_info    0x00000546      0x379 LCD.o
 .debug_info    0x000008bf      0x109 LED.o
 .debug_info    0x000009c8      0xf03 MasterCode.o
 .debug_info    0x000018cb      0x1bd SPI_driver.o
 .debug_info    0x00001a88       0xdd d:/courses/embedded/atmel studio/setupatmel/extensions/atmel/avrgcc/3.4.1.95/avrtoolchain/bin/../lib/gcc/avr/4.6.2/avr5\libgcc.a(_divmodhi4.o)
 .debug_info    0x00001b65       0xdd d:/courses/embedded/atmel studio/setupatmel/extensions/atmel/avrgcc/3.4.1.95/avrtoolchain/bin/../lib/gcc/avr/4.6.2/avr5\libgcc.a(_exit.o)
 .debug_info    0x00001c42       0xdd d:/courses/embedded/atmel studio/setupatmel/extensions/atmel/avrgcc/3.4.1.95/avrtoolchain/bin/../lib/gcc/avr/4.6.2/avr5\libgcc.a(_copy_data.o)
 .debug_info    0x00001d1f       0xdd d:/courses/embedded/atmel studio/setupatmel/extensions/atmel/avrgcc/3.4.1.95/avrtoolchain/bin/../lib/gcc/avr/4.6.2/avr5\libgcc.a(_clear_bss.o)
 .debug_info    0x00001dfc       0xdd d:/courses/embedded/atmel studio/setupatmel/extensions/atmel/avrgcc/3.4.1.95/avrtoolchain/bin/../lib/gcc/avr/4.6.2/avr5\libgcc.a(_udivmodhi4.o)
 *(.gnu.linkonce.wi.*)

.debug_abbrev   0x00000000      0x760
 *(.debug_abbrev)
 .debug_abbrev  0x00000000       0xcf DIO.o
 .debug_abbrev  0x000000cf       0x83 EEPROM.o
 .debug_abbrev  0x00000152      0x112 keypad.o
 .debug_abbrev  0x00000264      0x162 LCD.o
 .debug_abbrev  0x000003c6       0x5a LED.o
 .debug_abbrev  0x00000420      0x1ac MasterCode.o
 .debug_abbrev  0x000005cc      0x130 SPI_driver.o
 .debug_abbrev  0x000006fc       0x14 d:/courses/embedded/atmel studio/setupatmel/extensions/atmel/avrgcc/3.4.1.95/avrtoolchain/bin/../lib/gcc/avr/4.6.2/avr5\libgcc.a(_divmodhi4.o)
 .debug_abbrev  0x00000710       0x14 d:/courses/embedded/atmel studio/setupatmel/extensions/atmel/avrgcc/3.4.1.95/avrtoolchain/bin/../lib/gcc/avr/4.6.2/avr5\libgcc.a(_exit.o)
 .debug_abbrev  0x00000724       0x14 d:/courses/embedded/atmel studio/setupatmel/extensions/atmel/avrgcc/3.4.1.95/avrtoolchain/bin/../lib/gcc/avr/4.6.2/avr5\libgcc.a(_copy_data.o)
 .debug_abbrev  0x00000738       0x14 d:/courses/embedded/atmel studio/setupatmel/extensions/atmel/avrgcc/3.4.1.95/avrtoolchain/bin/../lib/gcc/avr/4.6.2/avr5\libgcc.a(_clear_bss.o)
 .debug_abbrev  0x0000074c       0x14 d:/courses/embedded/atmel studio/setupatmel/extensions/atmel/avrgcc/3.4.1.95/avrtoolchain/bin/../lib/gcc/avr/4.6.2/avr5\libgcc.a(_udivmodhi4.o)

.debug_line     0x00000000     0x10cb
 *(.debug_line)
 .debug_line    0x00000000      0x15a DIO.o
 .debug_line    0x0000015a       0xe4 EEPROM.o
 .debug_line    0x0000023e      0x1a3 keypad.o
 .debug_line    0x000003e1      0x1e7 LCD.o
 .debug_line    0x000005c8       0x42 LED.o
 .debug_line    0x0000060a      0x647 MasterCode.o
 .debug_line    0x00000c51      0x1a0 SPI_driver.o
 .debug_line    0x00000df1       0x99 d:/courses/embedded/atmel studio/setupatmel/extensions/atmel/avrgcc/3.4.1.95/avrtoolchain/bin/../lib/gcc/avr/4.6.2/avr5\libgcc.a(_divmodhi4.o)
 .debug_line    0x00000e8a       0x88 d:/courses/embedded/atmel studio/setupatmel/extensions/atmel/avrgcc/3.4.1.95/avrtoolchain/bin/../lib/gcc/avr/4.6.2/avr5\libgcc.a(_exit.o)
 .debug_line    0x00000f12       0x91 d:/courses/embedded/atmel studio/setupatmel/extensions/atmel/avrgcc/3.4.1.95/avrtoolchain/bin/../lib/gcc/avr/4.6.2/avr5\libgcc.a(_copy_data.o)
 .debug_line    0x00000fa3       0x8e d:/courses/embedded/atmel studio/setupatmel/extensions/atmel/avrgcc/3.4.1.95/avrtoolchain/bin/../lib/gcc/avr/4.6.2/avr5\libgcc.a(_clear_bss.o)
 .debug_line    0x00001031       0x9a d:/courses/embedded/atmel studio/setupatmel/extensions/atmel/avrgcc/3.4.1.95/avrtoolchain/bin/../lib/gcc/avr/4.6.2/avr5\libgcc.a(_udivmodhi4.o)

.debug_frame    0x00000000      0x2bc
 *(.debug_frame)
 .debug_frame   0x00000000       0xb4 DIO.o
 .debug_frame   0x000000b4       0x34 EEPROM.o
 .debug_frame   0x000000e8       0x54 keypad.o
 .debug_frame   0x0000013c       0x90 LCD.o
 .debug_frame   0x000001cc       0x54 LED.o
 .debug_frame   0x00000220       0x24 MasterCode.o
 .debug_frame   0x00000244       0x78 SPI_driver.o

.debug_str      0x00000000      0x428
 *(.debug_str)
 .debug_str     0x00000000      0x1a6 DIO.o
                                0x1e5 (size before relaxing)
 .debug_str     0x000001a6       0x4a EEPROM.o
                                0x12d (size before relaxing)
 .debug_str     0x000001f0       0x9d keypad.o
                                0x17d (size before relaxing)
 .debug_str     0x0000028d       0x7f LCD.o
                                0x1c0 (size before relaxing)
 .debug_str     0x0000030c       0x3a LED.o
                                 0xcf (size before relaxing)
 .debug_str     0x00000346       0x7a MasterCode.o
                                0x206 (size before relaxing)
 .debug_str     0x000003c0       0x68 SPI_driver.o
                                0x1a7 (size before relaxing)

.debug_loc      0x00000000     0x222f
 *(.debug_loc)
 .debug_loc     0x00000000      0x593 DIO.o
 .debug_loc     0x00000593       0x18 EEPROM.o
 .debug_loc     0x000005ab      0x163 keypad.o
 .debug_loc     0x0000070e       0xcf LCD.o
 .debug_loc     0x000007dd       0x98 LED.o
 .debug_loc     0x00000875     0x18b0 MasterCode.o
 .debug_loc     0x00002125      0x10a SPI_driver.o

.debug_macinfo
 *(.debug_macinfo)
OUTPUT(MasterCode.elf elf32-avr)
LOAD linker stubs

.debug_ranges   0x00000000       0x30
 .debug_ranges  0x00000000       0x30 MasterCode.o
