Archive member included because of file (symbol)

d:/courses/embedded/atmel studio/setupatmel/extensions/atmel/avrgcc/3.4.1.95/avrtoolchain/bin/../lib/gcc/avr/4.6.2/avr5\libgcc.a(_udivmodhi4.o)
                              Calculator.o (__udivmodhi4)
d:/courses/embedded/atmel studio/setupatmel/extensions/atmel/avrgcc/3.4.1.95/avrtoolchain/bin/../lib/gcc/avr/4.6.2/avr5\libgcc.a(_divmodhi4.o)
                              Calculator.o (__divmodhi4)
d:/courses/embedded/atmel studio/setupatmel/extensions/atmel/avrgcc/3.4.1.95/avrtoolchain/bin/../lib/gcc/avr/4.6.2/avr5\libgcc.a(_exit.o)
                              d:/courses/embedded/atmel studio/setupatmel/extensions/atmel/avrgcc/3.4.1.95/avrtoolchain/bin/../lib/gcc/avr/4.6.2/../../../../avr/lib/avr5/crtm32.o (exit)
d:/courses/embedded/atmel studio/setupatmel/extensions/atmel/avrgcc/3.4.1.95/avrtoolchain/bin/../lib/gcc/avr/4.6.2/avr5\libgcc.a(_copy_data.o)
                              Calculator.o (__do_copy_data)
d:/courses/embedded/atmel studio/setupatmel/extensions/atmel/avrgcc/3.4.1.95/avrtoolchain/bin/../lib/gcc/avr/4.6.2/avr5\libgcc.a(_clear_bss.o)
                              Calculator.o (__do_clear_bss)

Memory Configuration

Name             Origin             Length             Attributes
text             0x00000000         0x00020000         xr
data             0x00800060         0x0000ffa0         rw !x
eeprom           0x00810000         0x00010000         rw !x
fuse             0x00820000         0x00000400         rw !x
lock             0x00830000         0x00000400         rw !x
signature        0x00840000         0x00000400         rw !x
*default*        0x00000000         0xffffffff

Linker script and memory map

LOAD d:/courses/embedded/atmel studio/setupatmel/extensions/atmel/avrgcc/3.4.1.95/avrtoolchain/bin/../lib/gcc/avr/4.6.2/../../../../avr/lib/avr5/crtm32.o
LOAD Calculator.o
LOAD DIO.o
LOAD keypad.o
LOAD LCD.o
START GROUP
LOAD d:/courses/embedded/atmel studio/setupatmel/extensions/atmel/avrgcc/3.4.1.95/avrtoolchain/bin/../lib/gcc/avr/4.6.2/../../../../avr/lib/avr5\libm.a
END GROUP
LOAD d:/courses/embedded/atmel studio/setupatmel/extensions/atmel/avrgcc/3.4.1.95/avrtoolchain/bin/../lib/gcc/avr/4.6.2/avr5\libgcc.a
LOAD d:/courses/embedded/atmel studio/setupatmel/extensions/atmel/avrgcc/3.4.1.95/avrtoolchain/bin/../lib/gcc/avr/4.6.2/../../../../avr/lib/avr5\libc.a
LOAD d:/courses/embedded/atmel studio/setupatmel/extensions/atmel/avrgcc/3.4.1.95/avrtoolchain/bin/../lib/gcc/avr/4.6.2/avr5\libgcc.a

.hash
 *(.hash)

.dynsym
 *(.dynsym)

.dynstr
 *(.dynstr)

.gnu.version
 *(.gnu.version)

.gnu.version_d
 *(.gnu.version_d)

.gnu.version_r
 *(.gnu.version_r)

.rel.init
 *(.rel.init)

.rela.init
 *(.rela.init)

.rel.text
 *(.rel.text)
 *(.rel.text.*)
 *(.rel.gnu.linkonce.t*)

.rela.text
 *(.rela.text)
 *(.rela.text.*)
 *(.rela.gnu.linkonce.t*)

.rel.fini
 *(.rel.fini)

.rela.fini
 *(.rela.fini)

.rel.rodata
 *(.rel.rodata)
 *(.rel.rodata.*)
 *(.rel.gnu.linkonce.r*)

.rela.rodata
 *(.rela.rodata)
 *(.rela.rodata.*)
 *(.rela.gnu.linkonce.r*)

.rel.data
 *(.rel.data)
 *(.rel.data.*)
 *(.rel.gnu.linkonce.d*)

.rela.data
 *(.rela.data)
 *(.rela.data.*)
 *(.rela.gnu.linkonce.d*)

.rel.ctors
 *(.rel.ctors)

.rela.ctors
 *(.rela.ctors)

.rel.dtors
 *(.rel.dtors)

.rela.dtors
 *(.rela.dtors)

.rel.got
 *(.rel.got)

.rela.got
 *(.rela.got)

.rel.bss
 *(.rel.bss)

.rela.bss
 *(.rela.bss)

.rel.plt
 *(.rel.plt)

.rela.plt
 *(.rela.plt)

.text           0x00000000      0xed6
 *(.vectors)
 .vectors       0x00000000       0x54 d:/courses/embedded/atmel studio/setupatmel/extensions/atmel/avrgcc/3.4.1.95/avrtoolchain/bin/../lib/gcc/avr/4.6.2/../../../../avr/lib/avr5/crtm32.o
                0x00000000                __vector_default
                0x00000000                __vectors
 *(.vectors)
 *(.progmem.gcc*)
 *(.progmem*)
                0x00000054                . = ALIGN (0x2)
                0x00000054                __trampolines_start = .
 *(.trampolines)
 .trampolines   0x00000054        0x0 linker stubs
 *(.trampolines*)
                0x00000054                __trampolines_end = .
 *(.jumptables)
 *(.jumptables*)
 *(.lowtext)
 *(.lowtext*)
                0x00000054                __ctors_start = .
 *(.ctors)
                0x00000054                __ctors_end = .
                0x00000054                __dtors_start = .
 *(.dtors)
                0x00000054                __dtors_end = .
 SORT(*)(.ctors)
 SORT(*)(.dtors)
 *(.init0)
 .init0         0x00000054        0x0 d:/courses/embedded/atmel studio/setupatmel/extensions/atmel/avrgcc/3.4.1.95/avrtoolchain/bin/../lib/gcc/avr/4.6.2/../../../../avr/lib/avr5/crtm32.o
                0x00000054                __init
 *(.init0)
 *(.init1)
 *(.init1)
 *(.init2)
 .init2         0x00000054        0xc d:/courses/embedded/atmel studio/setupatmel/extensions/atmel/avrgcc/3.4.1.95/avrtoolchain/bin/../lib/gcc/avr/4.6.2/../../../../avr/lib/avr5/crtm32.o
 *(.init2)
 *(.init3)
 *(.init3)
 *(.init4)
 .init4         0x00000060       0x16 d:/courses/embedded/atmel studio/setupatmel/extensions/atmel/avrgcc/3.4.1.95/avrtoolchain/bin/../lib/gcc/avr/4.6.2/avr5\libgcc.a(_copy_data.o)
                0x00000060                __do_copy_data
 .init4         0x00000076       0x10 d:/courses/embedded/atmel studio/setupatmel/extensions/atmel/avrgcc/3.4.1.95/avrtoolchain/bin/../lib/gcc/avr/4.6.2/avr5\libgcc.a(_clear_bss.o)
                0x00000076                __do_clear_bss
 *(.init4)
 *(.init5)
 *(.init5)
 *(.init6)
 *(.init6)
 *(.init7)
 *(.init7)
 *(.init8)
 *(.init8)
 *(.init9)
 .init9         0x00000086        0x8 d:/courses/embedded/atmel studio/setupatmel/extensions/atmel/avrgcc/3.4.1.95/avrtoolchain/bin/../lib/gcc/avr/4.6.2/../../../../avr/lib/avr5/crtm32.o
 *(.init9)
 *(.text)
 .text          0x0000008e        0x4 d:/courses/embedded/atmel studio/setupatmel/extensions/atmel/avrgcc/3.4.1.95/avrtoolchain/bin/../lib/gcc/avr/4.6.2/../../../../avr/lib/avr5/crtm32.o
                0x0000008e                __vector_1
                0x0000008e                __vector_12
                0x0000008e                __bad_interrupt
                0x0000008e                __vector_6
                0x0000008e                __vector_3
                0x0000008e                __vector_11
                0x0000008e                __vector_13
                0x0000008e                __vector_17
                0x0000008e                __vector_19
                0x0000008e                __vector_7
                0x0000008e                __vector_5
                0x0000008e                __vector_4
                0x0000008e                __vector_9
                0x0000008e                __vector_2
                0x0000008e                __vector_15
                0x0000008e                __vector_8
                0x0000008e                __vector_14
                0x0000008e                __vector_10
                0x0000008e                __vector_16
                0x0000008e                __vector_18
                0x0000008e                __vector_20
 .text          0x00000092      0x61e Calculator.o
                0x00000092                main
 .text          0x000006b0      0x558 DIO.o
                0x000006b0                DIO_vsetPinDir
                0x000007b6                DIO_vsetPortDir
                0x000007de                DIO_vwritePin
                0x000008e4                DIO_vwritePort
                0x0000090c                DIO_u8readPin
                0x000009bc                DIO_u8readPort
                0x000009e8                DIO_vtogglePin
                0x00000a68                DIO_vconnectPullup
                0x00000b6e                DIO_vwrite_low_nibble
                0x00000bba                DIO_vwrite_high_nibble
 .text          0x00000c08      0x14a keypad.o
                0x00000c08                keypad_vInit
                0x00000c82                keypad_u8check_press
 .text          0x00000d52      0x132 LCD.o
                0x00000d80                LCD_vsend_cmd
                0x00000d98                LCD_vInit
                0x00000e18                LCD_vsend_char
                0x00000e30                LCD_vsend_string
                0x00000e4e                LCD_vclearscreen
                0x00000e62                LCD_vmovecursor
 .text          0x00000e84        0x0 d:/courses/embedded/atmel studio/setupatmel/extensions/atmel/avrgcc/3.4.1.95/avrtoolchain/bin/../lib/gcc/avr/4.6.2/avr5\libgcc.a(_udivmodhi4.o)
 .text          0x00000e84        0x0 d:/courses/embedded/atmel studio/setupatmel/extensions/atmel/avrgcc/3.4.1.95/avrtoolchain/bin/../lib/gcc/avr/4.6.2/avr5\libgcc.a(_divmodhi4.o)
 .text          0x00000e84        0x0 d:/courses/embedded/atmel studio/setupatmel/extensions/atmel/avrgcc/3.4.1.95/avrtoolchain/bin/../lib/gcc/avr/4.6.2/avr5\libgcc.a(_exit.o)
 .text          0x00000e84        0x0 d:/courses/embedded/atmel studio/setupatmel/extensions/atmel/avrgcc/3.4.1.95/avrtoolchain/bin/../lib/gcc/avr/4.6.2/avr5\libgcc.a(_copy_data.o)
 .text          0x00000e84        0x0 d:/courses/embedded/atmel studio/setupatmel/extensions/atmel/avrgcc/3.4.1.95/avrtoolchain/bin/../lib/gcc/avr/4.6.2/avr5\libgcc.a(_clear_bss.o)
                0x00000e84                . = ALIGN (0x2)
 *(.text.*)
 .text.libgcc   0x00000e84       0x28 d:/courses/embedded/atmel studio/setupatmel/extensions/atmel/avrgcc/3.4.1.95/avrtoolchain/bin/../lib/gcc/avr/4.6.2/avr5\libgcc.a(_udivmodhi4.o)
                0x00000e84                __udivmodhi4
 .text.libgcc   0x00000eac       0x26 d:/courses/embedded/atmel studio/setupatmel/extensions/atmel/avrgcc/3.4.1.95/avrtoolchain/bin/../lib/gcc/avr/4.6.2/avr5\libgcc.a(_divmodhi4.o)
                0x00000eac                _div
                0x00000eac                __divmodhi4
 .text.libgcc   0x00000ed2        0x0 d:/courses/embedded/atmel studio/setupatmel/extensions/atmel/avrgcc/3.4.1.95/avrtoolchain/bin/../lib/gcc/avr/4.6.2/avr5\libgcc.a(_exit.o)
 .text.libgcc   0x00000ed2        0x0 d:/courses/embedded/atmel studio/setupatmel/extensions/atmel/avrgcc/3.4.1.95/avrtoolchain/bin/../lib/gcc/avr/4.6.2/avr5\libgcc.a(_copy_data.o)
 .text.libgcc   0x00000ed2        0x0 d:/courses/embedded/atmel studio/setupatmel/extensions/atmel/avrgcc/3.4.1.95/avrtoolchain/bin/../lib/gcc/avr/4.6.2/avr5\libgcc.a(_clear_bss.o)
                0x00000ed2                . = ALIGN (0x2)
 *(.fini9)
 .fini9         0x00000ed2        0x0 d:/courses/embedded/atmel studio/setupatmel/extensions/atmel/avrgcc/3.4.1.95/avrtoolchain/bin/../lib/gcc/avr/4.6.2/avr5\libgcc.a(_exit.o)
                0x00000ed2                _exit
                0x00000ed2                exit
 *(.fini9)
 *(.fini8)
 *(.fini8)
 *(.fini7)
 *(.fini7)
 *(.fini6)
 *(.fini6)
 *(.fini5)
 *(.fini5)
 *(.fini4)
 *(.fini4)
 *(.fini3)
 *(.fini3)
 *(.fini2)
 *(.fini2)
 *(.fini1)
 *(.fini1)
 *(.fini0)
 .fini0         0x00000ed2        0x4 d:/courses/embedded/atmel studio/setupatmel/extensions/atmel/avrgcc/3.4.1.95/avrtoolchain/bin/../lib/gcc/avr/4.6.2/avr5\libgcc.a(_exit.o)
 *(.fini0)
                0x00000ed6                _etext = .

.data           0x00800060       0x16 load address 0x00000ed6
                0x00800060                PROVIDE (__data_start, .)
 *(.data)
 .data          0x00800060        0x0 d:/courses/embedded/atmel studio/setupatmel/extensions/atmel/avrgcc/3.4.1.95/avrtoolchain/bin/../lib/gcc/avr/4.6.2/../../../../avr/lib/avr5/crtm32.o
 .data          0x00800060        0x6 Calculator.o
 .data          0x00800066        0x0 DIO.o
 .data          0x00800066       0x10 keypad.o
 .data          0x00800076        0x0 LCD.o
 .data          0x00800076        0x0 d:/courses/embedded/atmel studio/setupatmel/extensions/atmel/avrgcc/3.4.1.95/avrtoolchain/bin/../lib/gcc/avr/4.6.2/avr5\libgcc.a(_udivmodhi4.o)
 .data          0x00800076        0x0 d:/courses/embedded/atmel studio/setupatmel/extensions/atmel/avrgcc/3.4.1.95/avrtoolchain/bin/../lib/gcc/avr/4.6.2/avr5\libgcc.a(_divmodhi4.o)
 .data          0x00800076        0x0 d:/courses/embedded/atmel studio/setupatmel/extensions/atmel/avrgcc/3.4.1.95/avrtoolchain/bin/../lib/gcc/avr/4.6.2/avr5\libgcc.a(_exit.o)
 .data          0x00800076        0x0 d:/courses/embedded/atmel studio/setupatmel/extensions/atmel/avrgcc/3.4.1.95/avrtoolchain/bin/../lib/gcc/avr/4.6.2/avr5\libgcc.a(_copy_data.o)
 .data          0x00800076        0x0 d:/courses/embedded/atmel studio/setupatmel/extensions/atmel/avrgcc/3.4.1.95/avrtoolchain/bin/../lib/gcc/avr/4.6.2/avr5\libgcc.a(_clear_bss.o)
 *(.data*)
 *(.rodata)
 *(.rodata*)
 *(.gnu.linkonce.d*)
                0x00800076                . = ALIGN (0x2)
                0x00800076                _edata = .
                0x00800076                PROVIDE (__data_end, .)

.bss            0x00800076        0x0
                0x00800076                PROVIDE (__bss_start, .)
 *(.bss)
 .bss           0x00800076        0x0 d:/courses/embedded/atmel studio/setupatmel/extensions/atmel/avrgcc/3.4.1.95/avrtoolchain/bin/../lib/gcc/avr/4.6.2/../../../../avr/lib/avr5/crtm32.o
 .bss           0x00800076        0x0 Calculator.o
 .bss           0x00800076        0x0 DIO.o
 .bss           0x00800076        0x0 keypad.o
 .bss           0x00800076        0x0 LCD.o
 .bss           0x00800076        0x0 d:/courses/embedded/atmel studio/setupatmel/extensions/atmel/avrgcc/3.4.1.95/avrtoolchain/bin/../lib/gcc/avr/4.6.2/avr5\libgcc.a(_udivmodhi4.o)
 .bss           0x00800076        0x0 d:/courses/embedded/atmel studio/setupatmel/extensions/atmel/avrgcc/3.4.1.95/avrtoolchain/bin/../lib/gcc/avr/4.6.2/avr5\libgcc.a(_divmodhi4.o)
 .bss           0x00800076        0x0 d:/courses/embedded/atmel studio/setupatmel/extensions/atmel/avrgcc/3.4.1.95/avrtoolchain/bin/../lib/gcc/avr/4.6.2/avr5\libgcc.a(_exit.o)
 .bss           0x00800076        0x0 d:/courses/embedded/atmel studio/setupatmel/extensions/atmel/avrgcc/3.4.1.95/avrtoolchain/bin/../lib/gcc/avr/4.6.2/avr5\libgcc.a(_copy_data.o)
 .bss           0x00800076        0x0 d:/courses/embedded/atmel studio/setupatmel/extensions/atmel/avrgcc/3.4.1.95/avrtoolchain/bin/../lib/gcc/avr/4.6.2/avr5\libgcc.a(_clear_bss.o)
 *(.bss*)
 *(COMMON)
                0x00800076                PROVIDE (__bss_end, .)
                0x00000ed6                __data_load_start = LOADADDR (.data)
                0x00000eec                __data_load_end = (__data_load_start + SIZEOF (.data))

.noinit         0x00800076        0x0
                0x00800076                PROVIDE (__noinit_start, .)
 *(.noinit*)
                0x00800076                PROVIDE (__noinit_end, .)
                0x00800076                _end = .
                0x00800076                PROVIDE (__heap_start, .)

.eeprom         0x00810000        0x0
 *(.eeprom*)
                0x00810000                __eeprom_end = .

.fuse
 *(.fuse)
 *(.lfuse)
 *(.hfuse)
 *(.efuse)

.lock
 *(.lock*)

.signature
 *(.signature*)

.stab           0x00000000      0x6cc
 *(.stab)
 .stab          0x00000000      0x6cc d:/courses/embedded/atmel studio/setupatmel/extensions/atmel/avrgcc/3.4.1.95/avrtoolchain/bin/../lib/gcc/avr/4.6.2/../../../../avr/lib/avr5/crtm32.o

.stabstr        0x00000000       0x85
 *(.stabstr)
 .stabstr       0x00000000       0x85 d:/courses/embedded/atmel studio/setupatmel/extensions/atmel/avrgcc/3.4.1.95/avrtoolchain/bin/../lib/gcc/avr/4.6.2/../../../../avr/lib/avr5/crtm32.o

.stab.excl
 *(.stab.excl)

.stab.exclstr
 *(.stab.exclstr)

.stab.index
 *(.stab.index)

.stab.indexstr
 *(.stab.indexstr)

.comment
 *(.comment)

.debug
 *(.debug)

.line
 *(.line)

.debug_srcinfo
 *(.debug_srcinfo)

.debug_sfnames
 *(.debug_sfnames)

.debug_aranges  0x00000000      0x120
 *(.debug_aranges)
 .debug_aranges
                0x00000000       0x20 Calculator.o
 .debug_aranges
                0x00000020       0x20 DIO.o
 .debug_aranges
                0x00000040       0x20 keypad.o
 .debug_aranges
                0x00000060       0x20 LCD.o
 .debug_aranges
                0x00000080       0x20 d:/courses/embedded/atmel studio/setupatmel/extensions/atmel/avrgcc/3.4.1.95/avrtoolchain/bin/../lib/gcc/avr/4.6.2/avr5\libgcc.a(_udivmodhi4.o)
 .debug_aranges
                0x000000a0       0x20 d:/courses/embedded/atmel studio/setupatmel/extensions/atmel/avrgcc/3.4.1.95/avrtoolchain/bin/../lib/gcc/avr/4.6.2/avr5\libgcc.a(_divmodhi4.o)
 .debug_aranges
                0x000000c0       0x20 d:/courses/embedded/atmel studio/setupatmel/extensions/atmel/avrgcc/3.4.1.95/avrtoolchain/bin/../lib/gcc/avr/4.6.2/avr5\libgcc.a(_exit.o)
 .debug_aranges
                0x000000e0       0x20 d:/courses/embedded/atmel studio/setupatmel/extensions/atmel/avrgcc/3.4.1.95/avrtoolchain/bin/../lib/gcc/avr/4.6.2/avr5\libgcc.a(_copy_data.o)
 .debug_aranges
                0x00000100       0x20 d:/courses/embedded/atmel studio/setupatmel/extensions/atmel/avrgcc/3.4.1.95/avrtoolchain/bin/../lib/gcc/avr/4.6.2/avr5\libgcc.a(_clear_bss.o)

.debug_pubnames
 *(.debug_pubnames)

.debug_info     0x00000000      0xee3
 *(.debug_info)
 .debug_info    0x00000000      0x2a5 Calculator.o
 .debug_info    0x000002a5      0x2e3 DIO.o
 .debug_info    0x00000588      0x191 keypad.o
 .debug_info    0x00000719      0x379 LCD.o
 .debug_info    0x00000a92       0xdd d:/courses/embedded/atmel studio/setupatmel/extensions/atmel/avrgcc/3.4.1.95/avrtoolchain/bin/../lib/gcc/avr/4.6.2/avr5\libgcc.a(_udivmodhi4.o)
 .debug_info    0x00000b6f       0xdd d:/courses/embedded/atmel studio/setupatmel/extensions/atmel/avrgcc/3.4.1.95/avrtoolchain/bin/../lib/gcc/avr/4.6.2/avr5\libgcc.a(_divmodhi4.o)
 .debug_info    0x00000c4c       0xdd d:/courses/embedded/atmel studio/setupatmel/extensions/atmel/avrgcc/3.4.1.95/avrtoolchain/bin/../lib/gcc/avr/4.6.2/avr5\libgcc.a(_exit.o)
 .debug_info    0x00000d29       0xdd d:/courses/embedded/atmel studio/setupatmel/extensions/atmel/avrgcc/3.4.1.95/avrtoolchain/bin/../lib/gcc/avr/4.6.2/avr5\libgcc.a(_copy_data.o)
 .debug_info    0x00000e06       0xdd d:/courses/embedded/atmel studio/setupatmel/extensions/atmel/avrgcc/3.4.1.95/avrtoolchain/bin/../lib/gcc/avr/4.6.2/avr5\libgcc.a(_clear_bss.o)
 *(.gnu.linkonce.wi.*)

.debug_abbrev   0x00000000      0x4cd
 *(.debug_abbrev)
 .debug_abbrev  0x00000000      0x126 Calculator.o
 .debug_abbrev  0x00000126       0xcf DIO.o
 .debug_abbrev  0x000001f5      0x112 keypad.o
 .debug_abbrev  0x00000307      0x162 LCD.o
 .debug_abbrev  0x00000469       0x14 d:/courses/embedded/atmel studio/setupatmel/extensions/atmel/avrgcc/3.4.1.95/avrtoolchain/bin/../lib/gcc/avr/4.6.2/avr5\libgcc.a(_udivmodhi4.o)
 .debug_abbrev  0x0000047d       0x14 d:/courses/embedded/atmel studio/setupatmel/extensions/atmel/avrgcc/3.4.1.95/avrtoolchain/bin/../lib/gcc/avr/4.6.2/avr5\libgcc.a(_divmodhi4.o)
 .debug_abbrev  0x00000491       0x14 d:/courses/embedded/atmel studio/setupatmel/extensions/atmel/avrgcc/3.4.1.95/avrtoolchain/bin/../lib/gcc/avr/4.6.2/avr5\libgcc.a(_exit.o)
 .debug_abbrev  0x000004a5       0x14 d:/courses/embedded/atmel studio/setupatmel/extensions/atmel/avrgcc/3.4.1.95/avrtoolchain/bin/../lib/gcc/avr/4.6.2/avr5\libgcc.a(_copy_data.o)
 .debug_abbrev  0x000004b9       0x14 d:/courses/embedded/atmel studio/setupatmel/extensions/atmel/avrgcc/3.4.1.95/avrtoolchain/bin/../lib/gcc/avr/4.6.2/avr5\libgcc.a(_clear_bss.o)

.debug_line     0x00000000      0xa40
 *(.debug_line)
 .debug_line    0x00000000      0x282 Calculator.o
 .debug_line    0x00000282      0x15a DIO.o
 .debug_line    0x000003dc      0x1a3 keypad.o
 .debug_line    0x0000057f      0x1e7 LCD.o
 .debug_line    0x00000766       0x9a d:/courses/embedded/atmel studio/setupatmel/extensions/atmel/avrgcc/3.4.1.95/avrtoolchain/bin/../lib/gcc/avr/4.6.2/avr5\libgcc.a(_udivmodhi4.o)
 .debug_line    0x00000800       0x99 d:/courses/embedded/atmel studio/setupatmel/extensions/atmel/avrgcc/3.4.1.95/avrtoolchain/bin/../lib/gcc/avr/4.6.2/avr5\libgcc.a(_divmodhi4.o)
 .debug_line    0x00000899       0x88 d:/courses/embedded/atmel studio/setupatmel/extensions/atmel/avrgcc/3.4.1.95/avrtoolchain/bin/../lib/gcc/avr/4.6.2/avr5\libgcc.a(_exit.o)
 .debug_line    0x00000921       0x91 d:/courses/embedded/atmel studio/setupatmel/extensions/atmel/avrgcc/3.4.1.95/avrtoolchain/bin/../lib/gcc/avr/4.6.2/avr5\libgcc.a(_copy_data.o)
 .debug_line    0x000009b2       0x8e d:/courses/embedded/atmel studio/setupatmel/extensions/atmel/avrgcc/3.4.1.95/avrtoolchain/bin/../lib/gcc/avr/4.6.2/avr5\libgcc.a(_clear_bss.o)

.debug_frame    0x00000000      0x1cc
 *(.debug_frame)
 .debug_frame   0x00000000       0x34 Calculator.o
 .debug_frame   0x00000034       0xb4 DIO.o
 .debug_frame   0x000000e8       0x54 keypad.o
 .debug_frame   0x0000013c       0x90 LCD.o

.debug_str      0x00000000      0x2e8
 *(.debug_str)
 .debug_str     0x00000000      0x124 Calculator.o
                                0x158 (size before relaxing)
 .debug_str     0x00000124       0xff DIO.o
                                0x1ce (size before relaxing)
 .debug_str     0x00000223       0x41 keypad.o
                                0x166 (size before relaxing)
 .debug_str     0x00000264       0x84 LCD.o
                                0x1a9 (size before relaxing)

.debug_loc      0x00000000      0x947
 *(.debug_loc)
 .debug_loc     0x00000000      0x182 Calculator.o
 .debug_loc     0x00000182      0x593 DIO.o
 .debug_loc     0x00000715      0x163 keypad.o
 .debug_loc     0x00000878       0xcf LCD.o

.debug_macinfo
 *(.debug_macinfo)
OUTPUT(Calculator.elf elf32-avr)
LOAD linker stubs
